{ foo: *[32m'bar'*[39m }
string q
{ foo: *[32m'bar'*[39m } with object format param
