calling stdout._refreshSize
calling stderr._refreshSize
