assert.js:*
  throw new AssertionError(obj);
  ^

AssertionError [ERR_ASSERTION]: Input A expected to strictly deep-equal input B:
+ expected - actual

- Comparison {}
+ Comparison {
+   bar: true
+ }
    at Object.<anonymous> (*assert_throws_stack.js:*:*)
    at *
    at *
    at *
    at *
    at *
    at *
    at *
    at *
