(node:*) ExperimentalWarning: The ESM module loader is experimental.
file:///*/test/message/esm_display_syntax_error_import.mjs:6
  notfound
  ^^^^^^^^
SyntaxError: The requested module '../fixtures/es-module-loaders/module-named-exports' does not provide an export named 'notfound'
    at ModuleJob._instantiate (internal/modules/esm/module_job.js:*:*)
